[     356ms] [ERROR] Failed to load resource: the server responded with a status of 404 (Not Found) @ http://localhost:4174/favicon.ico:0
[     426ms] Error: Hydration failed because the server rendered text didn't match the client. As a result this tree will be regenerated on the client. This can happen if a SSR-ed Client Component used:

- A server/client branch `if (typeof window !== 'undefined')`.
- Variable input such as `Date.now()` or `Math.random()` which changes each time it's called.
- Date formatting in a user's locale which doesn't match the server.
- External changing data without sending a snapshot of it along with the HTML.
- Invalid HTML tag nesting.

It can also happen if the client has a browser extension installed which messes with the HTML before React loaded.

https://react.dev/link/hydration-mismatch

  ...
    <RedirectBoundary>
      <RedirectErrorBoundary router={{...}}>
        <InnerLayoutRouter url="/dev/smoke" tree={[...]} cacheNode={{lazyData:null, ...}} segmentPath={[...]}>
          <SegmentViewNode type="page" pagePath="dev/smoke/...">
            <SegmentTrieNode>
            <ClientPageRoot Component={function SmokePage} searchParams={{}} params={{}}>
              <SmokePage params={Promise} searchParams={Promise}>
                <SurfaceShell title="Dev smoke" contractSection="YOU-84 · a..." description="Every prim...">
                  <main className="mx-auto ma...">
                    <nav>
                    <header>
                    <section>
                      <section>
                      <section>
                      <section className="mt-10 spac...">
                        <h2>
                        <div className="surface fl...">
                          <CountdownChip expiresAt="2026-05-20...">
                            <span role="timer" aria-live="polite" aria-atomic="true" className={"inline-f..."} ...>
                              <span>
+                             59
-                             47
                          ...
                      ...
          ...
        ...

    at throwOnHydrationMismatch (webpack-internal:///(app-pages-browser)/./node_modules/.pnpm/next@15.5.18_react-dom@18.3.1_react@18.3.1__react@18.3.1/node_modules/next/dist/compiled/react-dom/cjs/react-dom-client.development.js:4506:11)
    at completeWork (webpack-internal:///(app-pages-browser)/./node_modules/.pnpm/next@15.5.18_react-dom@18.3.1_react@18.3.1__react@18.3.1/node_modules/next/dist/compiled/react-dom/cjs/react-dom-client.development.js:11825:26)
    at runWithFiberInDEV (webpack-internal:///(app-pages-browser)/./node_modules/.pnpm/next@15.5.18_react-dom@18.3.1_react@18.3.1__react@18.3.1/node_modules/next/dist/compiled/react-dom/cjs/react-dom-client.development.js:872:30)
    at completeUnitOfWork (webpack-internal:///(app-pages-browser)/./node_modules/.pnpm/next@15.5.18_react-dom@18.3.1_react@18.3.1__react@18.3.1/node_modules/next/dist/compiled/react-dom/cjs/react-dom-client.development.js:15863:19)
    at performUnitOfWork (webpack-internal:///(app-pages-browser)/./node_modules/.pnpm/next@15.5.18_react-dom@18.3.1_react@18.3.1__react@18.3.1/node_modules/next/dist/compiled/react-dom/cjs/react-dom-client.development.js:15744:11)
    at workLoopConcurrentByScheduler (webpack-internal:///(app-pages-browser)/./node_modules/.pnpm/next@15.5.18_react-dom@18.3.1_react@18.3.1__react@18.3.1/node_modules/next/dist/compiled/react-dom/cjs/react-dom-client.development.js:15721:9)
    at renderRootConcurrent (webpack-internal:///(app-pages-browser)/./node_modules/.pnpm/next@15.5.18_react-dom@18.3.1_react@18.3.1__react@18.3.1/node_modules/next/dist/compiled/react-dom/cjs/react-dom-client.development.js:15696:15)
    at performWorkOnRoot (webpack-internal:///(app-pages-browser)/./node_modules/.pnpm/next@15.5.18_react-dom@18.3.1_react@18.3.1__react@18.3.1/node_modules/next/dist/compiled/react-dom/cjs/react-dom-client.development.js:14990:13)
    at performWorkOnRootViaSchedulerTask (webpack-internal:///(app-pages-browser)/./node_modules/.pnpm/next@15.5.18_react-dom@18.3.1_react@18.3.1__react@18.3.1/node_modules/next/dist/compiled/react-dom/cjs/react-dom-client.development.js:16816:7)
    at MessagePort.performWorkUntilDeadline (webpack-internal:///(app-pages-browser)/./node_modules/.pnpm/next@15.5.18_react-dom@18.3.1_react@18.3.1__react@18.3.1/node_modules/next/dist/compiled/scheduler/cjs/scheduler.development.js:45:48)
[   22243ms] Error: Hydration failed because the server rendered text didn't match the client. As a result this tree will be regenerated on the client. This can happen if a SSR-ed Client Component used:

- A server/client branch `if (typeof window !== 'undefined')`.
- Variable input such as `Date.now()` or `Math.random()` which changes each time it's called.
- Date formatting in a user's locale which doesn't match the server.
- External changing data without sending a snapshot of it along with the HTML.
- Invalid HTML tag nesting.

It can also happen if the client has a browser extension installed which messes with the HTML before React loaded.

https://react.dev/link/hydration-mismatch

  ...
    <RedirectBoundary>
      <RedirectErrorBoundary router={{...}}>
        <InnerLayoutRouter url="/dev/smoke" tree={[...]} cacheNode={{lazyData:null, ...}} segmentPath={[...]}>
          <SegmentViewNode type="page" pagePath="dev/smoke/...">
            <SegmentTrieNode>
            <ClientPageRoot Component={function SmokePage} searchParams={{}} params={{}}>
              <SmokePage params={Promise} searchParams={Promise}>
                <SurfaceShell title="Dev smoke" contractSection="YOU-84 · a..." description="Every prim...">
                  <main className="mx-auto ma...">
                    <nav>
                    <header>
                    <section>
                      <section>
                      <section>
                      <section className="mt-10 spac...">
                        <h2>
                        <div className="surface fl...">
                          <CountdownChip expiresAt="2026-05-20...">
                            <span role="timer" aria-live="polite" aria-atomic="true" className={"inline-f..."} ...>
                              <span>
+                             59
-                             26
                          ...
                      ...
          ...
        ...

    at throwOnHydrationMismatch (webpack-internal:///(app-pages-browser)/./node_modules/.pnpm/next@15.5.18_react-dom@18.3.1_react@18.3.1__react@18.3.1/node_modules/next/dist/compiled/react-dom/cjs/react-dom-client.development.js:4506:11)
    at completeWork (webpack-internal:///(app-pages-browser)/./node_modules/.pnpm/next@15.5.18_react-dom@18.3.1_react@18.3.1__react@18.3.1/node_modules/next/dist/compiled/react-dom/cjs/react-dom-client.development.js:11825:26)
    at runWithFiberInDEV (webpack-internal:///(app-pages-browser)/./node_modules/.pnpm/next@15.5.18_react-dom@18.3.1_react@18.3.1__react@18.3.1/node_modules/next/dist/compiled/react-dom/cjs/react-dom-client.development.js:872:30)
    at completeUnitOfWork (webpack-internal:///(app-pages-browser)/./node_modules/.pnpm/next@15.5.18_react-dom@18.3.1_react@18.3.1__react@18.3.1/node_modules/next/dist/compiled/react-dom/cjs/react-dom-client.development.js:15863:19)
    at performUnitOfWork (webpack-internal:///(app-pages-browser)/./node_modules/.pnpm/next@15.5.18_react-dom@18.3.1_react@18.3.1__react@18.3.1/node_modules/next/dist/compiled/react-dom/cjs/react-dom-client.development.js:15744:11)
    at workLoopConcurrentByScheduler (webpack-internal:///(app-pages-browser)/./node_modules/.pnpm/next@15.5.18_react-dom@18.3.1_react@18.3.1__react@18.3.1/node_modules/next/dist/compiled/react-dom/cjs/react-dom-client.development.js:15721:9)
    at renderRootConcurrent (webpack-internal:///(app-pages-browser)/./node_modules/.pnpm/next@15.5.18_react-dom@18.3.1_react@18.3.1__react@18.3.1/node_modules/next/dist/compiled/react-dom/cjs/react-dom-client.development.js:15696:15)
    at performWorkOnRoot (webpack-internal:///(app-pages-browser)/./node_modules/.pnpm/next@15.5.18_react-dom@18.3.1_react@18.3.1__react@18.3.1/node_modules/next/dist/compiled/react-dom/cjs/react-dom-client.development.js:14990:13)
    at performWorkOnRootViaSchedulerTask (webpack-internal:///(app-pages-browser)/./node_modules/.pnpm/next@15.5.18_react-dom@18.3.1_react@18.3.1__react@18.3.1/node_modules/next/dist/compiled/react-dom/cjs/react-dom-client.development.js:16816:7)
    at MessagePort.performWorkUntilDeadline (webpack-internal:///(app-pages-browser)/./node_modules/.pnpm/next@15.5.18_react-dom@18.3.1_react@18.3.1__react@18.3.1/node_modules/next/dist/compiled/scheduler/cjs/scheduler.development.js:45:48)
[   41459ms] Error: Hydration failed because the server rendered text didn't match the client. As a result this tree will be regenerated on the client. This can happen if a SSR-ed Client Component used:

- A server/client branch `if (typeof window !== 'undefined')`.
- Variable input such as `Date.now()` or `Math.random()` which changes each time it's called.
- Date formatting in a user's locale which doesn't match the server.
- External changing data without sending a snapshot of it along with the HTML.
- Invalid HTML tag nesting.

It can also happen if the client has a browser extension installed which messes with the HTML before React loaded.

https://react.dev/link/hydration-mismatch

  ...
    <RedirectBoundary>
      <RedirectErrorBoundary router={{...}}>
        <InnerLayoutRouter url="/dev/smoke" tree={[...]} cacheNode={{lazyData:null, ...}} segmentPath={[...]}>
          <SegmentViewNode type="page" pagePath="dev/smoke/...">
            <SegmentTrieNode>
            <ClientPageRoot Component={function SmokePage} searchParams={{}} params={{}}>
              <SmokePage params={Promise} searchParams={Promise}>
                <SurfaceShell title="Dev smoke" contractSection="YOU-84 · a..." description="Every prim...">
                  <main className="mx-auto ma...">
                    <nav>
                    <header>
                    <section>
                      <section>
                      <section>
                      <section className="mt-10 spac...">
                        <h2>
                        <div className="surface fl...">
                          <CountdownChip expiresAt="2026-05-20...">
                            <span role="timer" aria-live="polite" aria-atomic="true" className={"inline-f..."} ...>
                              <span>
+                             59
-                             06
                          ...
                      ...
          ...
        ...

    at throwOnHydrationMismatch (webpack-internal:///(app-pages-browser)/./node_modules/.pnpm/next@15.5.18_react-dom@18.3.1_react@18.3.1__react@18.3.1/node_modules/next/dist/compiled/react-dom/cjs/react-dom-client.development.js:4506:11)
    at completeWork (webpack-internal:///(app-pages-browser)/./node_modules/.pnpm/next@15.5.18_react-dom@18.3.1_react@18.3.1__react@18.3.1/node_modules/next/dist/compiled/react-dom/cjs/react-dom-client.development.js:11825:26)
    at runWithFiberInDEV (webpack-internal:///(app-pages-browser)/./node_modules/.pnpm/next@15.5.18_react-dom@18.3.1_react@18.3.1__react@18.3.1/node_modules/next/dist/compiled/react-dom/cjs/react-dom-client.development.js:872:30)
    at completeUnitOfWork (webpack-internal:///(app-pages-browser)/./node_modules/.pnpm/next@15.5.18_react-dom@18.3.1_react@18.3.1__react@18.3.1/node_modules/next/dist/compiled/react-dom/cjs/react-dom-client.development.js:15863:19)
    at performUnitOfWork (webpack-internal:///(app-pages-browser)/./node_modules/.pnpm/next@15.5.18_react-dom@18.3.1_react@18.3.1__react@18.3.1/node_modules/next/dist/compiled/react-dom/cjs/react-dom-client.development.js:15744:11)
    at workLoopConcurrentByScheduler (webpack-internal:///(app-pages-browser)/./node_modules/.pnpm/next@15.5.18_react-dom@18.3.1_react@18.3.1__react@18.3.1/node_modules/next/dist/compiled/react-dom/cjs/react-dom-client.development.js:15721:9)
    at renderRootConcurrent (webpack-internal:///(app-pages-browser)/./node_modules/.pnpm/next@15.5.18_react-dom@18.3.1_react@18.3.1__react@18.3.1/node_modules/next/dist/compiled/react-dom/cjs/react-dom-client.development.js:15696:15)
    at performWorkOnRoot (webpack-internal:///(app-pages-browser)/./node_modules/.pnpm/next@15.5.18_react-dom@18.3.1_react@18.3.1__react@18.3.1/node_modules/next/dist/compiled/react-dom/cjs/react-dom-client.development.js:14990:13)
    at performWorkOnRootViaSchedulerTask (webpack-internal:///(app-pages-browser)/./node_modules/.pnpm/next@15.5.18_react-dom@18.3.1_react@18.3.1__react@18.3.1/node_modules/next/dist/compiled/react-dom/cjs/react-dom-client.development.js:16816:7)
    at MessagePort.performWorkUntilDeadline (webpack-internal:///(app-pages-browser)/./node_modules/.pnpm/next@15.5.18_react-dom@18.3.1_react@18.3.1__react@18.3.1/node_modules/next/dist/compiled/scheduler/cjs/scheduler.development.js:45:48)
[   80841ms] Error: Hydration failed because the server rendered text didn't match the client. As a result this tree will be regenerated on the client. This can happen if a SSR-ed Client Component used:

- A server/client branch `if (typeof window !== 'undefined')`.
- Variable input such as `Date.now()` or `Math.random()` which changes each time it's called.
- Date formatting in a user's locale which doesn't match the server.
- External changing data without sending a snapshot of it along with the HTML.
- Invalid HTML tag nesting.

It can also happen if the client has a browser extension installed which messes with the HTML before React loaded.

https://react.dev/link/hydration-mismatch

  ...
    <RedirectBoundary>
      <RedirectErrorBoundary router={{...}}>
        <InnerLayoutRouter url="/dev/smoke" tree={[...]} cacheNode={{lazyData:null, ...}} segmentPath={[...]}>
          <SegmentViewNode type="page" pagePath="dev/smoke/...">
            <SegmentTrieNode>
            <ClientPageRoot Component={function SmokePage} searchParams={{}} params={{}}>
              <SmokePage params={Promise} searchParams={Promise}>
                <SurfaceShell title="Dev smoke" contractSection="YOU-84 · a..." description="Every prim...">
                  <main className="mx-auto ma...">
                    <nav>
                    <header>
                    <section>
                      <section>
                      <section>
                      <section className="mt-10 spac...">
                        <h2>
                        <div className="surface fl...">
                          <CountdownChip expiresAt="2026-05-20...">
                            <span role="timer" aria-live="polite" aria-atomic="true" className={"inline-f..."} ...>
                              <span>
+                             3
-                             2
                              ...
                          ...
                      ...
          ...
        ...

    at throwOnHydrationMismatch (webpack-internal:///(app-pages-browser)/./node_modules/.pnpm/next@15.5.18_react-dom@18.3.1_react@18.3.1__react@18.3.1/node_modules/next/dist/compiled/react-dom/cjs/react-dom-client.development.js:4506:11)
    at completeWork (webpack-internal:///(app-pages-browser)/./node_modules/.pnpm/next@15.5.18_react-dom@18.3.1_react@18.3.1__react@18.3.1/node_modules/next/dist/compiled/react-dom/cjs/react-dom-client.development.js:11825:26)
    at runWithFiberInDEV (webpack-internal:///(app-pages-browser)/./node_modules/.pnpm/next@15.5.18_react-dom@18.3.1_react@18.3.1__react@18.3.1/node_modules/next/dist/compiled/react-dom/cjs/react-dom-client.development.js:872:30)
    at completeUnitOfWork (webpack-internal:///(app-pages-browser)/./node_modules/.pnpm/next@15.5.18_react-dom@18.3.1_react@18.3.1__react@18.3.1/node_modules/next/dist/compiled/react-dom/cjs/react-dom-client.development.js:15863:19)
    at performUnitOfWork (webpack-internal:///(app-pages-browser)/./node_modules/.pnpm/next@15.5.18_react-dom@18.3.1_react@18.3.1__react@18.3.1/node_modules/next/dist/compiled/react-dom/cjs/react-dom-client.development.js:15744:11)
    at workLoopConcurrentByScheduler (webpack-internal:///(app-pages-browser)/./node_modules/.pnpm/next@15.5.18_react-dom@18.3.1_react@18.3.1__react@18.3.1/node_modules/next/dist/compiled/react-dom/cjs/react-dom-client.development.js:15721:9)
    at renderRootConcurrent (webpack-internal:///(app-pages-browser)/./node_modules/.pnpm/next@15.5.18_react-dom@18.3.1_react@18.3.1__react@18.3.1/node_modules/next/dist/compiled/react-dom/cjs/react-dom-client.development.js:15696:15)
    at performWorkOnRoot (webpack-internal:///(app-pages-browser)/./node_modules/.pnpm/next@15.5.18_react-dom@18.3.1_react@18.3.1__react@18.3.1/node_modules/next/dist/compiled/react-dom/cjs/react-dom-client.development.js:14990:13)
    at performWorkOnRootViaSchedulerTask (webpack-internal:///(app-pages-browser)/./node_modules/.pnpm/next@15.5.18_react-dom@18.3.1_react@18.3.1__react@18.3.1/node_modules/next/dist/compiled/react-dom/cjs/react-dom-client.development.js:16816:7)
    at MessagePort.performWorkUntilDeadline (webpack-internal:///(app-pages-browser)/./node_modules/.pnpm/next@15.5.18_react-dom@18.3.1_react@18.3.1__react@18.3.1/node_modules/next/dist/compiled/scheduler/cjs/scheduler.development.js:45:48)
[  103044ms] Error: Hydration failed because the server rendered text didn't match the client. As a result this tree will be regenerated on the client. This can happen if a SSR-ed Client Component used:

- A server/client branch `if (typeof window !== 'undefined')`.
- Variable input such as `Date.now()` or `Math.random()` which changes each time it's called.
- Date formatting in a user's locale which doesn't match the server.
- External changing data without sending a snapshot of it along with the HTML.
- Invalid HTML tag nesting.

It can also happen if the client has a browser extension installed which messes with the HTML before React loaded.

https://react.dev/link/hydration-mismatch

  ...
    <RedirectBoundary>
      <RedirectErrorBoundary router={{...}}>
        <InnerLayoutRouter url="/dev/smoke" tree={[...]} cacheNode={{lazyData:null, ...}} segmentPath={[...]}>
          <SegmentViewNode type="page" pagePath="dev/smoke/...">
            <SegmentTrieNode>
            <ClientPageRoot Component={function SmokePage} searchParams={{}} params={{}}>
              <SmokePage params={Promise} searchParams={Promise}>
                <SurfaceShell title="Dev smoke" contractSection="YOU-84 · a..." description="Every prim...">
                  <main className="mx-auto ma...">
                    <nav>
                    <header>
                    <section>
                      <section>
                      <section>
                      <section className="mt-10 spac...">
                        <h2>
                        <div className="surface fl...">
                          <CountdownChip expiresAt="2026-05-20...">
                            <span role="timer" aria-live="polite" aria-atomic="true" className={"inline-f..."} ...>
                              <span>
+                             3
-                             2
                              ...
                          ...
                      ...
          ...
        ...

    at throwOnHydrationMismatch (webpack-internal:///(app-pages-browser)/./node_modules/.pnpm/next@15.5.18_react-dom@18.3.1_react@18.3.1__react@18.3.1/node_modules/next/dist/compiled/react-dom/cjs/react-dom-client.development.js:4506:11)
    at completeWork (webpack-internal:///(app-pages-browser)/./node_modules/.pnpm/next@15.5.18_react-dom@18.3.1_react@18.3.1__react@18.3.1/node_modules/next/dist/compiled/react-dom/cjs/react-dom-client.development.js:11825:26)
    at runWithFiberInDEV (webpack-internal:///(app-pages-browser)/./node_modules/.pnpm/next@15.5.18_react-dom@18.3.1_react@18.3.1__react@18.3.1/node_modules/next/dist/compiled/react-dom/cjs/react-dom-client.development.js:872:30)
    at completeUnitOfWork (webpack-internal:///(app-pages-browser)/./node_modules/.pnpm/next@15.5.18_react-dom@18.3.1_react@18.3.1__react@18.3.1/node_modules/next/dist/compiled/react-dom/cjs/react-dom-client.development.js:15863:19)
    at performUnitOfWork (webpack-internal:///(app-pages-browser)/./node_modules/.pnpm/next@15.5.18_react-dom@18.3.1_react@18.3.1__react@18.3.1/node_modules/next/dist/compiled/react-dom/cjs/react-dom-client.development.js:15744:11)
    at workLoopConcurrentByScheduler (webpack-internal:///(app-pages-browser)/./node_modules/.pnpm/next@15.5.18_react-dom@18.3.1_react@18.3.1__react@18.3.1/node_modules/next/dist/compiled/react-dom/cjs/react-dom-client.development.js:15721:9)
    at renderRootConcurrent (webpack-internal:///(app-pages-browser)/./node_modules/.pnpm/next@15.5.18_react-dom@18.3.1_react@18.3.1__react@18.3.1/node_modules/next/dist/compiled/react-dom/cjs/react-dom-client.development.js:15696:15)
    at performWorkOnRoot (webpack-internal:///(app-pages-browser)/./node_modules/.pnpm/next@15.5.18_react-dom@18.3.1_react@18.3.1__react@18.3.1/node_modules/next/dist/compiled/react-dom/cjs/react-dom-client.development.js:14990:13)
    at performWorkOnRootViaSchedulerTask (webpack-internal:///(app-pages-browser)/./node_modules/.pnpm/next@15.5.18_react-dom@18.3.1_react@18.3.1__react@18.3.1/node_modules/next/dist/compiled/react-dom/cjs/react-dom-client.development.js:16816:7)
    at MessagePort.performWorkUntilDeadline (webpack-internal:///(app-pages-browser)/./node_modules/.pnpm/next@15.5.18_react-dom@18.3.1_react@18.3.1__react@18.3.1/node_modules/next/dist/compiled/scheduler/cjs/scheduler.development.js:45:48)
[  112172ms] Error: Hydration failed because the server rendered text didn't match the client. As a result this tree will be regenerated on the client. This can happen if a SSR-ed Client Component used:

- A server/client branch `if (typeof window !== 'undefined')`.
- Variable input such as `Date.now()` or `Math.random()` which changes each time it's called.
- Date formatting in a user's locale which doesn't match the server.
- External changing data without sending a snapshot of it along with the HTML.
- Invalid HTML tag nesting.

It can also happen if the client has a browser extension installed which messes with the HTML before React loaded.

https://react.dev/link/hydration-mismatch

  ...
    <RedirectBoundary>
      <RedirectErrorBoundary router={{...}}>
        <InnerLayoutRouter url="/dev/smoke" tree={[...]} cacheNode={{lazyData:null, ...}} segmentPath={[...]}>
          <SegmentViewNode type="page" pagePath="dev/smoke/...">
            <SegmentTrieNode>
            <ClientPageRoot Component={function SmokePage} searchParams={{}} params={{}}>
              <SmokePage params={Promise} searchParams={Promise}>
                <SurfaceShell title="Dev smoke" contractSection="YOU-84 · a..." description="Every prim...">
                  <main className="mx-auto ma...">
                    <nav>
                    <header>
                    <section>
                      <section>
                      <section>
                      <section className="mt-10 spac...">
                        <h2>
                        <div className="surface fl...">
                          <CountdownChip expiresAt="2026-05-20...">
                            <span role="timer" aria-live="polite" aria-atomic="true" className={"inline-f..."} ...>
                              <span>
+                             3
-                             1
                              ...
                          ...
                      ...
          ...
        ...

    at throwOnHydrationMismatch (webpack-internal:///(app-pages-browser)/./node_modules/.pnpm/next@15.5.18_react-dom@18.3.1_react@18.3.1__react@18.3.1/node_modules/next/dist/compiled/react-dom/cjs/react-dom-client.development.js:4506:11)
    at completeWork (webpack-internal:///(app-pages-browser)/./node_modules/.pnpm/next@15.5.18_react-dom@18.3.1_react@18.3.1__react@18.3.1/node_modules/next/dist/compiled/react-dom/cjs/react-dom-client.development.js:11825:26)
    at runWithFiberInDEV (webpack-internal:///(app-pages-browser)/./node_modules/.pnpm/next@15.5.18_react-dom@18.3.1_react@18.3.1__react@18.3.1/node_modules/next/dist/compiled/react-dom/cjs/react-dom-client.development.js:872:30)
    at completeUnitOfWork (webpack-internal:///(app-pages-browser)/./node_modules/.pnpm/next@15.5.18_react-dom@18.3.1_react@18.3.1__react@18.3.1/node_modules/next/dist/compiled/react-dom/cjs/react-dom-client.development.js:15863:19)
    at performUnitOfWork (webpack-internal:///(app-pages-browser)/./node_modules/.pnpm/next@15.5.18_react-dom@18.3.1_react@18.3.1__react@18.3.1/node_modules/next/dist/compiled/react-dom/cjs/react-dom-client.development.js:15744:11)
    at workLoopConcurrentByScheduler (webpack-internal:///(app-pages-browser)/./node_modules/.pnpm/next@15.5.18_react-dom@18.3.1_react@18.3.1__react@18.3.1/node_modules/next/dist/compiled/react-dom/cjs/react-dom-client.development.js:15721:9)
    at renderRootConcurrent (webpack-internal:///(app-pages-browser)/./node_modules/.pnpm/next@15.5.18_react-dom@18.3.1_react@18.3.1__react@18.3.1/node_modules/next/dist/compiled/react-dom/cjs/react-dom-client.development.js:15696:15)
    at performWorkOnRoot (webpack-internal:///(app-pages-browser)/./node_modules/.pnpm/next@15.5.18_react-dom@18.3.1_react@18.3.1__react@18.3.1/node_modules/next/dist/compiled/react-dom/cjs/react-dom-client.development.js:14990:13)
    at performWorkOnRootViaSchedulerTask (webpack-internal:///(app-pages-browser)/./node_modules/.pnpm/next@15.5.18_react-dom@18.3.1_react@18.3.1__react@18.3.1/node_modules/next/dist/compiled/react-dom/cjs/react-dom-client.development.js:16816:7)
    at MessagePort.performWorkUntilDeadline (webpack-internal:///(app-pages-browser)/./node_modules/.pnpm/next@15.5.18_react-dom@18.3.1_react@18.3.1__react@18.3.1/node_modules/next/dist/compiled/scheduler/cjs/scheduler.development.js:45:48)
[  181790ms] Error: Hydration failed because the server rendered text didn't match the client. As a result this tree will be regenerated on the client. This can happen if a SSR-ed Client Component used:

- A server/client branch `if (typeof window !== 'undefined')`.
- Variable input such as `Date.now()` or `Math.random()` which changes each time it's called.
- Date formatting in a user's locale which doesn't match the server.
- External changing data without sending a snapshot of it along with the HTML.
- Invalid HTML tag nesting.

It can also happen if the client has a browser extension installed which messes with the HTML before React loaded.

https://react.dev/link/hydration-mismatch

  ...
    <RedirectBoundary>
      <RedirectErrorBoundary router={{...}}>
        <InnerLayoutRouter url="/dev/smoke" tree={[...]} cacheNode={{lazyData:null, ...}} segmentPath={[...]}>
          <SegmentViewNode type="page" pagePath="dev/smoke/...">
            <SegmentTrieNode>
            <ClientPageRoot Component={function SmokePage} searchParams={{}} params={{}}>
              <SmokePage params={Promise} searchParams={Promise}>
                <SurfaceShell title="Dev smoke" contractSection="YOU-84 · a..." description="Every prim...">
                  <main className="mx-auto ma...">
                    <nav>
                    <header>
                    <section>
                      <section>
                      <section>
                      <section className="mt-10 spac...">
                        <h2>
                        <div className="surface fl...">
                          <CountdownChip expiresAt="2026-05-20...">
                            <span role="timer" aria-live="polite" aria-atomic="true" className={"inline-f..."} ...>
                              <span>
+                             3
-                             0
                              ...
                          ...
                      ...
          ...
        ...

    at throwOnHydrationMismatch (webpack-internal:///(app-pages-browser)/./node_modules/.pnpm/next@15.5.18_react-dom@18.3.1_react@18.3.1__react@18.3.1/node_modules/next/dist/compiled/react-dom/cjs/react-dom-client.development.js:4506:11)
    at completeWork (webpack-internal:///(app-pages-browser)/./node_modules/.pnpm/next@15.5.18_react-dom@18.3.1_react@18.3.1__react@18.3.1/node_modules/next/dist/compiled/react-dom/cjs/react-dom-client.development.js:11825:26)
    at runWithFiberInDEV (webpack-internal:///(app-pages-browser)/./node_modules/.pnpm/next@15.5.18_react-dom@18.3.1_react@18.3.1__react@18.3.1/node_modules/next/dist/compiled/react-dom/cjs/react-dom-client.development.js:872:30)
    at completeUnitOfWork (webpack-internal:///(app-pages-browser)/./node_modules/.pnpm/next@15.5.18_react-dom@18.3.1_react@18.3.1__react@18.3.1/node_modules/next/dist/compiled/react-dom/cjs/react-dom-client.development.js:15863:19)
    at performUnitOfWork (webpack-internal:///(app-pages-browser)/./node_modules/.pnpm/next@15.5.18_react-dom@18.3.1_react@18.3.1__react@18.3.1/node_modules/next/dist/compiled/react-dom/cjs/react-dom-client.development.js:15744:11)
    at workLoopConcurrentByScheduler (webpack-internal:///(app-pages-browser)/./node_modules/.pnpm/next@15.5.18_react-dom@18.3.1_react@18.3.1__react@18.3.1/node_modules/next/dist/compiled/react-dom/cjs/react-dom-client.development.js:15721:9)
    at renderRootConcurrent (webpack-internal:///(app-pages-browser)/./node_modules/.pnpm/next@15.5.18_react-dom@18.3.1_react@18.3.1__react@18.3.1/node_modules/next/dist/compiled/react-dom/cjs/react-dom-client.development.js:15696:15)
    at performWorkOnRoot (webpack-internal:///(app-pages-browser)/./node_modules/.pnpm/next@15.5.18_react-dom@18.3.1_react@18.3.1__react@18.3.1/node_modules/next/dist/compiled/react-dom/cjs/react-dom-client.development.js:14990:13)
    at performWorkOnRootViaSchedulerTask (webpack-internal:///(app-pages-browser)/./node_modules/.pnpm/next@15.5.18_react-dom@18.3.1_react@18.3.1__react@18.3.1/node_modules/next/dist/compiled/react-dom/cjs/react-dom-client.development.js:16816:7)
    at MessagePort.performWorkUntilDeadline (webpack-internal:///(app-pages-browser)/./node_modules/.pnpm/next@15.5.18_react-dom@18.3.1_react@18.3.1__react@18.3.1/node_modules/next/dist/compiled/scheduler/cjs/scheduler.development.js:45:48)
